<?xml version="1.0" encoding="UTF-8"?>
<testsuites>
  <testsuite name="src/App.test.js" tests="1" failures="0" errors="0" skipped="0">
    <testcase classname="-renders learn Jenkins link" name="-renders learn Jenkins link" time="0.001"/>
  </testsuite>
</testsuites>
